// -------------------------------------------------


// -------------------------------------------------



